*************************************************
1. 회원가입 (구글이메일 사용 권장)
2. Create repository클릭
3. git bash 다운로드 (https://git-scm.com/download/win)
4. 원격저장소 주소복사
*************************************************
$ git remote
아무것도 안나오면 연결된 원격 저장소가 없는것

$ git clone https://github.com/zhyun1220/javaStudy.git
git clone (원격저장소 주소)
원격저장소 폴더가 지정한 곳에 생성됨(생성되면 연동완료 된 것)

$ git remote
clone한 폴더로 들어가서 git remote를 명령어로 입력하면
origin이라고 출력되어야 함

$ git status
현재 로컬저장소의 상태를 확인하는것
Untracked files: 로컬저장소에 새로운 파일을 넣었지만 add하지 않은상태(추적불가)
Changes to be committed: 새로운파일을 add한 상태지만 commit하지 않은상태(push불가능)

$ git add README.txt
새롭게 추가한 README.txt파일을 add하는 부분(추적가능하게)
(README.txt는 내가 넣은파일임)

$ git status

$ git commit -m "my first commit"
아직 로그인이 되지않아 commit할 수 없는상태
아래 포맷에 맞춰 자신의 정보를 입력해주면됨
Name은 주로 깃허브 아이디를 기술함
  git config --global user.email "you@example.com"
  git config --global user.name "Your Name"
예시)
$ git config --global user.email zhyun1220@gmail.com
$ git config --global user.name zhyun1220

$ git status

$ git commit -m "my first commit"
add된 파일을 저장하는 명령어
git commit -m "커밋 메시지(파일을 추가한 이유)"

$ git status
On branch master
Your branch is based on 'origin/master', but the upstream is gone.
  (use "git branch --unset-upstream" to fixup)

nothing to commit, working tree clean
=> add, commit이 완료되었지만 아직 push하지 않은상태
push하지않으면 원격저장소로 파일이 올라가지 않음

$ git push origin master
Enumerating objects: 3, done.
Counting objects: 100% (3/3), done.
Writing objects: 100% (3/3), 224 bytes | 224.00 KiB/s, done.
Total 3 (delta 0), reused 0 (delta 0), pack-reused 0
To https://github.com/zhyun1220/javaStudy.git
 * [new branch]      master -> master
=> 새로운 파일을 원격저장소에 push한 것
로컬저장소에 추가한 파일이 원격저장소로 올라갔음

